// Jest Snapshot v1, https://goo.gl/fbAQLP

exports[`Pruebas en MultipleCustomHooks Debe de mostrarse correctamente 1`] = `
<Fragment>
  <h1>
    Breaking Hooks
  </h1>
  <hr />
  <div
    className="alert alert-info text-center"
  >
    Cargando...
  </div>
  <button
    className="btn btn-primary m"
    onClick={[Function]}
  >
    Siguiente quote
  </button>
</Fragment>
`;
